---
source: crates/bop-cli/src/ui/mod.rs
assertion_line: 440
expression: content
---
┌ · PENDING (2) ──────────────┐┌ ⚙ RUNNING (1/4) ─────────────┐┌ ✓ DONE (1) ─────────────────┐┌─┐┌─┐
│▸ · setup-deps               ││▸ ♠A Feature: build-ui  claude││▸ ✓ init-repo                ││∅││∅│
│  · add-tests                ││    ████████░░░░ 67%  Phase 2 ││                             ││ ││ │
│                             ││                              ││                             ││ ││ │
│                             ││                              ││                             ││ ││ │
│                             ││                              ││                             ││ ││ │
│                             ││                              ││                             ││ ││ │
│                             ││                              ││                             ││ ││ │
│                             ││                              ││                             ││ ││ │
│                             ││                              ││                             ││ ││ │
│                             ││                              ││                             ││ ││ │
│                             ││                              ││                             ││ ││ │
│                             ││                              ││                             ││ ││ │
│                             ││                              ││                             ││ ││ │
│                             ││                              ││                             ││ ││ │
│                             ││                              ││                             ││ ││ │
│                             ││                              ││                             ││ ││ │
└─────────────────────────────┘└──────────────────────────────┘└─────────────────────────────┘└─┘└─┘
