---
source: crates/bop-cli/src/ui/mod.rs
assertion_line: 450
expression: content
---
┌ · PENDING (1) ───────────────────────────────────────────────────┐┌─┐┌─┐┌─┐┌─┐
│▸ · card-a                                                        ││⚙││✓││✗││~│
│                                                                  ││ ││ ││ ││ │
│                                                                  ││ ││ ││ ││ │
│                                                                  ││ ││ ││ ││ │
│                                                                  ││ ││ ││ ││ │
│                                                                  ││ ││ ││ ││ │
│                                                                  ││ ││ ││ ││ │
│                                                                  ││ ││ ││ ││ │
│                                                                  ││ ││ ││ ││ │
│                                                                  ││ ││ ││ ││ │
│                                                                  ││ ││ ││ ││ │
│                                                                  ││ ││ ││ ││ │
└──────────────────────────────────────────────────────────────────┘└─┘└─┘└─┘└─┘
