---
source: crates/bop-cli/src/ui/mod.rs
assertion_line: 505
expression: content
---
┌──────────────────────────────────────────────────────────────────────────────┐
│build-ui  •  running  •  claude  •  5m00s  •  -                               │
│[M]eta  [D]iff  [R]eplay  [O]utput  [L]og   Esc/Enter close                   │
│glyph: -   token: ♠A   provider: claude   cost: -                             │
│tokens: -   retries: -   stage: implement                                     │
│worktree: -                                                                   │
│merge_commit: -                                                               │
│ Meta ────────────────────────────────────────────────────────────────────────│
│meta not yet available                                                        │
│                                                                              │
│                                                                              │
│                                                                              │
│                                                                              │
│                                                                              │
│                                                                              │
│                                                                              │
│                                                                              │
│                                                                              │
│                                                                              │
└──────────────────────────────────────────────────────────────────────────────┘
